\BOOKMARK [1][-]{section.1}{Introduction}{}% 1
\BOOKMARK [1][-]{section.2}{Theoretical background}{}% 2
\BOOKMARK [1][-]{section.3}{Polarization}{}% 3
\BOOKMARK [1][-]{section.4}{RIXS spectra}{}% 4
\BOOKMARK [1][-]{section.5}{X-ray Absorption Spectroscopy}{}% 5
\BOOKMARK [1][-]{section.6}{Results}{}% 6
\BOOKMARK [1][-]{section.7}{Discussion}{}% 7
\BOOKMARK [2][-]{subsection.7.1}{Subsection One}{section.7}% 8
\BOOKMARK [2][-]{subsection.7.2}{Subsection Two}{section.7}% 9
